# 2026-09-26T14:34:02+09:00 lake env lean --run verify/Replay.lean tamper
closure size: 64836
axioms in closure: #[Quot.sound, Classical.choice, propext]
unsafe/partial in closure: #[]
constants to replay (not in Mathlib): 8114
  from FormalConjectures: 1
  from CollatzProof: 81
  from CollatzND: 92
  from Erdos1135: 7539
  from FirstPassageLinearTransport: 401
import+closure took 22s; replaying...
TAMPERED fixedBarrier_failure_count_timed_rate := True.intro
uncaught exception: while replaying declaration 'FirstPassageLinearTransport.FixedBarrier.fixedBarrier_failure_count_timed_rate':
(kernel) declaration type mismatch, 'FirstPassageLinearTransport.FixedBarrier.fixedBarrier_failure_count_timed_rate' has type
  True
but it is expected to have type
  Exists fun C =>
    And (Real.instLT.lt 0 C)
      (Exists fun L0 =>
        ∀ (L M : Nat),
          instLENat.le L0 L →
            instLENat.le L M →
              Real.instLE.le
                (Finset.filter
                      (fun n =>
                        ∀ (k : Nat),
                          instLENat.le k (instHMul.hMul 8 M) →
                            instLENat.le (instHPow.hPow 2 L) (FirstPassageLinearTransport.orbit k n))
                      (FirstPassageLinearTransport.dyadicShell M)).card.cast
                (instHMul.hMul (instHMul.hMul (instHMul.hMul C (instHPow.hPow 2 M)) (instHAdd.hAdd M.cast 1))
                  (Real.exp
                    (Real.instNeg.neg (instHMul.hMul FirstPassageLinearTransport.FixedBarrier.fbFixedRate L.cast)))))
exit=1
